// Vitest Snapshot v1

exports[`MsCombobox.vue > should renders is page content is correct 1`] = `[]`;
